Archive member included because of file (symbol)

c:/winavr-20070525/bin/../lib/gcc/avr/4.1.2/avr5\libgcc.a(_udivmodqi4.o)
                              Sensor_test.o (__udivmodqi4)
c:/winavr-20070525/bin/../lib/gcc/avr/4.1.2/avr5\libgcc.a(_udivmodhi4.o)
                              Sensor_test.o (__udivmodhi4)
c:/winavr-20070525/bin/../lib/gcc/avr/4.1.2/avr5\libgcc.a(_udivmodsi4.o)
                              lcd.o (__udivmodsi4)
c:/winavr-20070525/bin/../lib/gcc/avr/4.1.2/avr5\libgcc.a(_exit.o)
                              c:/winavr-20070525/bin/../lib/gcc/avr/4.1.2/../../../../avr/lib/avr5/crtm128.o (exit)
c:/winavr-20070525/bin/../lib/gcc/avr/4.1.2/avr5\libgcc.a(_clear_bss.o)
                              Sensor_test.o (__do_clear_bss)
c:/winavr-20070525/bin/../lib/gcc/avr/4.1.2/avr5\libgcc.a(_fixunssfsi.o)
                              lib_sensor.o (__fixunssfsi)
c:/winavr-20070525/bin/../lib/gcc/avr/4.1.2/avr5\libgcc.a(_addsub_sf.o)
                              lib_sensor.o (__subsf3)
c:/winavr-20070525/bin/../lib/gcc/avr/4.1.2/avr5\libgcc.a(_mul_sf.o)
                              lib_sensor.o (__mulsf3)
c:/winavr-20070525/bin/../lib/gcc/avr/4.1.2/avr5\libgcc.a(_div_sf.o)
                              lib_sensor.o (__divsf3)
c:/winavr-20070525/bin/../lib/gcc/avr/4.1.2/avr5\libgcc.a(_gt_sf.o)
                              lib_sensor.o (__gtsf2)
c:/winavr-20070525/bin/../lib/gcc/avr/4.1.2/avr5\libgcc.a(_ge_sf.o)
                              avr_lib.o (__gesf2)
c:/winavr-20070525/bin/../lib/gcc/avr/4.1.2/avr5\libgcc.a(_lt_sf.o)
                              lib_sensor.o (__ltsf2)
c:/winavr-20070525/bin/../lib/gcc/avr/4.1.2/avr5\libgcc.a(_si_to_sf.o)
                              lib_sensor.o (__floatsisf)
c:/winavr-20070525/bin/../lib/gcc/avr/4.1.2/avr5\libgcc.a(_sf_to_si.o)
                              c:/winavr-20070525/bin/../lib/gcc/avr/4.1.2/avr5\libgcc.a(_fixunssfsi.o) (__fixsfsi)
c:/winavr-20070525/bin/../lib/gcc/avr/4.1.2/avr5\libgcc.a(_thenan_sf.o)
                              c:/winavr-20070525/bin/../lib/gcc/avr/4.1.2/avr5\libgcc.a(_addsub_sf.o) (__thenan_sf)
c:/winavr-20070525/bin/../lib/gcc/avr/4.1.2/avr5\libgcc.a(_prologue.o)
                              c:/winavr-20070525/bin/../lib/gcc/avr/4.1.2/avr5\libgcc.a(_addsub_sf.o) (__prologue_saves__)
c:/winavr-20070525/bin/../lib/gcc/avr/4.1.2/avr5\libgcc.a(_epilogue.o)
                              c:/winavr-20070525/bin/../lib/gcc/avr/4.1.2/avr5\libgcc.a(_addsub_sf.o) (__epilogue_restores__)
c:/winavr-20070525/bin/../lib/gcc/avr/4.1.2/avr5\libgcc.a(_pack_sf.o)
                              c:/winavr-20070525/bin/../lib/gcc/avr/4.1.2/avr5\libgcc.a(_addsub_sf.o) (__pack_f)
c:/winavr-20070525/bin/../lib/gcc/avr/4.1.2/avr5\libgcc.a(_unpack_sf.o)
                              c:/winavr-20070525/bin/../lib/gcc/avr/4.1.2/avr5\libgcc.a(_addsub_sf.o) (__unpack_f)
c:/winavr-20070525/bin/../lib/gcc/avr/4.1.2/avr5\libgcc.a(_fpcmp_parts_sf.o)
                              c:/winavr-20070525/bin/../lib/gcc/avr/4.1.2/avr5\libgcc.a(_gt_sf.o) (__fpcmp_parts_f)
c:/winavr-20070525/bin/../lib/gcc/avr/4.1.2/../../../../avr/lib/avr5\libc.a(log10.o)
                              lib_sensor.o (log10)
c:/winavr-20070525/bin/../lib/gcc/avr/4.1.2/../../../../avr/lib/avr5\libc.a(log.o)
                              c:/winavr-20070525/bin/../lib/gcc/avr/4.1.2/../../../../avr/lib/avr5\libc.a(log10.o) (log)
c:/winavr-20070525/bin/../lib/gcc/avr/4.1.2/../../../../avr/lib/avr5\libc.a(fp_nan.o)
                              c:/winavr-20070525/bin/../lib/gcc/avr/4.1.2/../../../../avr/lib/avr5\libc.a(log.o) (__fp_nanEDOM)
c:/winavr-20070525/bin/../lib/gcc/avr/4.1.2/../../../../avr/lib/avr5\libc.a(fp_powerseries.o)
                              c:/winavr-20070525/bin/../lib/gcc/avr/4.1.2/../../../../avr/lib/avr5\libc.a(log.o) (__fp_powerseries)
c:/winavr-20070525/bin/../lib/gcc/avr/4.1.2/../../../../avr/lib/avr5\libc.a(fp_split.o)
                              c:/winavr-20070525/bin/../lib/gcc/avr/4.1.2/../../../../avr/lib/avr5\libc.a(log.o) (__fp_split_a)
c:/winavr-20070525/bin/../lib/gcc/avr/4.1.2/../../../../avr/lib/avr5\libc.a(fp_flashconst.o)
                              c:/winavr-20070525/bin/../lib/gcc/avr/4.1.2/../../../../avr/lib/avr5\libc.a(fp_powerseries.o) (__fp_flashconst)

Allocating common symbols
Common symbol       size              file

print_Data          0x2               Sensor_test.o
mytemp              0x2               lib_sensor.o
sht11_temp          0x2               lib_sensor.o
acq_type            0x1               lib_sensor.o
sht11_humi          0x2               lib_sensor.o
dew_point           0x4               lib_sensor.o
acq_complete        0x1               lib_sensor.o
error               0x2               lib_sensor.o
myhumi              0x2               lib_sensor.o
checksum            0x2               lib_sensor.o

Discarded input sections

 .stabstr       0x00000000        0x0 c:/winavr-20070525/bin/../lib/gcc/avr/4.1.2/../../../../avr/lib/avr5/crtm128.o

Memory Configuration

Name             Origin             Length             Attributes
text             0x00000000         0x00020000         xr
data             0x00800060         0x0000ffa0         rw !x
eeprom           0x00810000         0x00010000         rw !x
*default*        0x00000000         0xffffffff

Linker script and memory map

Address of section .data set to 0x800100
LOAD c:/winavr-20070525/bin/../lib/gcc/avr/4.1.2/../../../../avr/lib/avr5/crtm128.o
LOAD Sensor_test.o
LOAD lib_sensor.o
LOAD lcd.o
LOAD avr_lib.o
LOAD c:/winavr-20070525/bin/../lib/gcc/avr/4.1.2/avr5\libgcc.a
LOAD c:/winavr-20070525/bin/../lib/gcc/avr/4.1.2/../../../../avr/lib/avr5\libc.a
LOAD c:/winavr-20070525/bin/../lib/gcc/avr/4.1.2/avr5\libgcc.a

.hash
 *(.hash)

.dynsym
 *(.dynsym)

.dynstr
 *(.dynstr)

.gnu.version
 *(.gnu.version)

.gnu.version_d
 *(.gnu.version_d)

.gnu.version_r
 *(.gnu.version_r)

.rel.init
 *(.rel.init)

.rela.init
 *(.rela.init)

.rel.text
 *(.rel.text)
 *(.rel.text.*)
 *(.rel.gnu.linkonce.t*)

.rela.text
 *(.rela.text)
 *(.rela.text.*)
 *(.rela.gnu.linkonce.t*)

.rel.fini
 *(.rel.fini)

.rela.fini
 *(.rela.fini)

.rel.rodata
 *(.rel.rodata)
 *(.rel.rodata.*)
 *(.rel.gnu.linkonce.r*)

.rela.rodata
 *(.rela.rodata)
 *(.rela.rodata.*)
 *(.rela.gnu.linkonce.r*)

.rel.data
 *(.rel.data)
 *(.rel.data.*)
 *(.rel.gnu.linkonce.d*)

.rela.data
 *(.rela.data)
 *(.rela.data.*)
 *(.rela.gnu.linkonce.d*)

.rel.ctors
 *(.rel.ctors)

.rela.ctors
 *(.rela.ctors)

.rel.dtors
 *(.rel.dtors)

.rela.dtors
 *(.rela.dtors)

.rel.got
 *(.rel.got)

.rela.got
 *(.rela.got)

.rel.bss
 *(.rel.bss)

.rela.bss
 *(.rela.bss)

.rel.plt
 *(.rel.plt)

.rela.plt
 *(.rela.plt)

.text           0x00000000     0x24e0
 *(.vectors)
 .vectors       0x00000000       0x8c c:/winavr-20070525/bin/../lib/gcc/avr/4.1.2/../../../../avr/lib/avr5/crtm128.o
                0x00000000                __vectors
                0x00000000                __vector_default
 *(.vectors)
 *(.progmem.gcc*)
 .progmem.gcc_fplib
                0x0000008c       0x32 c:/winavr-20070525/bin/../lib/gcc/avr/4.1.2/../../../../avr/lib/avr5\libc.a(log.o)
 *(.progmem*)
 .progmem.data  0x000000be       0x88 lcd.o
                0x000000be                LcdCustomChar
                0x00000146                . = ALIGN (0x2)
                0x00000146                __trampolines_start = .
 *(.trampolines)
 .trampolines   0x00000146        0x0 linker stubs
 *(.trampolines*)
                0x00000146                __trampolines_end = .
 *(.jumptables)
 *(.jumptables*)
 *(.lowtext)
 *(.lowtext*)
                0x00000146                __ctors_start = .
 *(.ctors)
                0x00000146                __ctors_end = .
                0x00000146                __dtors_start = .
 *(.dtors)
                0x00000146                __dtors_end = .
 SORT(*)(.ctors)
 SORT(*)(.dtors)
 *(.init0)
 .init0         0x00000146        0x0 c:/winavr-20070525/bin/../lib/gcc/avr/4.1.2/../../../../avr/lib/avr5/crtm128.o
                0x00000146                __init
 *(.init0)
 *(.init1)
 *(.init1)
 *(.init2)
 .init2         0x00000146        0xc c:/winavr-20070525/bin/../lib/gcc/avr/4.1.2/../../../../avr/lib/avr5/crtm128.o
 *(.init2)
 *(.init3)
 *(.init3)
 *(.init4)
 .init4         0x00000152       0x1a c:/winavr-20070525/bin/../lib/gcc/avr/4.1.2/../../../../avr/lib/avr5/crtm128.o
                0x00000152                __do_copy_data
 .init4         0x0000016c       0x10 c:/winavr-20070525/bin/../lib/gcc/avr/4.1.2/avr5\libgcc.a(_clear_bss.o)
                0x0000016c                __do_clear_bss
 *(.init4)
 *(.init5)
 *(.init5)
 *(.init6)
 *(.init6)
 *(.init7)
 *(.init7)
 *(.init8)
 *(.init8)
 *(.init9)
 .init9         0x0000017c        0x8 c:/winavr-20070525/bin/../lib/gcc/avr/4.1.2/../../../../avr/lib/avr5/crtm128.o
 *(.init9)
 *(.text)
 .text          0x00000184        0x4 c:/winavr-20070525/bin/../lib/gcc/avr/4.1.2/../../../../avr/lib/avr5/crtm128.o
                0x00000184                __vector_22
                0x00000184                __vector_28
                0x00000184                __vector_1
                0x00000184                __vector_32
                0x00000184                __vector_34
                0x00000184                __vector_24
                0x00000184                __vector_12
                0x00000184                __bad_interrupt
                0x00000184                __vector_6
                0x00000184                __vector_31
                0x00000184                __vector_3
                0x00000184                __vector_23
                0x00000184                __vector_30
                0x00000184                __vector_25
                0x00000184                __vector_11
                0x00000184                __vector_13
                0x00000184                __vector_17
                0x00000184                __vector_19
                0x00000184                __vector_7
                0x00000184                __vector_27
                0x00000184                __vector_5
                0x00000184                __vector_33
                0x00000184                __vector_4
                0x00000184                __vector_9
                0x00000184                __vector_21
                0x00000184                __vector_15
                0x00000184                __vector_29
                0x00000184                __vector_8
                0x00000184                __vector_26
                0x00000184                __vector_14
                0x00000184                __vector_10
                0x00000184                __vector_18
                0x00000184                __vector_20
 .text          0x00000188      0x2aa Sensor_test.o
                0x00000202                printf_2dot1
                0x00000284                main
                0x00000188                __vector_16
 .text          0x00000432      0x5fe lib_sensor.o
                0x000004c6                s_transstart
                0x0000047a                s_read_byte
                0x00000514                s_read_statusreg
                0x000008be                get_sht11_hanback_data
                0x000004f0                s_connectionreset
                0x0000057c                dummyfunction
                0x000007e8                calc_dewpoint
                0x000007de                initialize_sht11_hanback
                0x00000610                calc_sth11
                0x000009f8                __vector_2
                0x000007cc                start_sht11_sensor
                0x00000506                s_softreset
                0x00000434                s_write_byte
                0x0000057e                s_measure
                0x00000552                s_write_statusreg
                0x00000432                sht11_delay
 .text          0x00000a30      0x3ac lcd.o
                0x00000cc8                lcdProgressBar
                0x00000c18                lcdLoadCustomChar
                0x00000bea                lcdHome
                0x00000b0c                lcdControlRead
                0x00000c98                lcdPrintData
                0x00000abe                lcdControlWrite
                0x00000b54                lcdDataWrite
                0x00000d6a                lcdInit
                0x00000a44                lcdBusyWait
                0x00000a30                lcdInitHW
                0x00000bfa                lcdGotoXY
                0x00000ba2                lcdDataRead
                0x00000bf2                lcdClear
 .text          0x00000ddc      0x6ce avr_lib.o
                0x00000e44                AIC23B_spi_write
                0x00000ff4                getch_u1
                0x00000e82                sprint_u16
                0x00001028                uart1_Str
                0x00000de6                us_delay
                0x00001054                square
                0x00000fd6                init_UART1
                0x00000e02                ms_delay
                0x00000e66                cal_bit_place
                0x00001078                Printf
                0x0000100e                putch_u1
                0x00000e5e                spi_write
                0x00000ddc                Printf_Attach
                0x00000fc6                SPI_Init
 .text          0x000014aa        0x0 c:/winavr-20070525/bin/../lib/gcc/avr/4.1.2/avr5\libgcc.a(_udivmodqi4.o)
 .text          0x000014aa        0x0 c:/winavr-20070525/bin/../lib/gcc/avr/4.1.2/avr5\libgcc.a(_udivmodhi4.o)
 .text          0x000014aa        0x0 c:/winavr-20070525/bin/../lib/gcc/avr/4.1.2/avr5\libgcc.a(_udivmodsi4.o)
 .text          0x000014aa        0x0 c:/winavr-20070525/bin/../lib/gcc/avr/4.1.2/avr5\libgcc.a(_exit.o)
 .text          0x000014aa        0x0 c:/winavr-20070525/bin/../lib/gcc/avr/4.1.2/avr5\libgcc.a(_clear_bss.o)
 .text          0x000014aa       0x4c c:/winavr-20070525/bin/../lib/gcc/avr/4.1.2/avr5\libgcc.a(_fixunssfsi.o)
                0x000014aa                __fixunssfsi
 .text          0x000014f6      0x316 c:/winavr-20070525/bin/../lib/gcc/avr/4.1.2/avr5\libgcc.a(_addsub_sf.o)
                0x00001750                __subsf3
                0x000017b2                __addsf3
 .text          0x0000180c      0x23c c:/winavr-20070525/bin/../lib/gcc/avr/4.1.2/avr5\libgcc.a(_mul_sf.o)
                0x0000180c                __mulsf3
 .text          0x00001a48      0x174 c:/winavr-20070525/bin/../lib/gcc/avr/4.1.2/avr5\libgcc.a(_div_sf.o)
                0x00001a48                __divsf3
 .text          0x00001bbc       0x6c c:/winavr-20070525/bin/../lib/gcc/avr/4.1.2/avr5\libgcc.a(_gt_sf.o)
                0x00001bbc                __gtsf2
 .text          0x00001c28       0x6c c:/winavr-20070525/bin/../lib/gcc/avr/4.1.2/avr5\libgcc.a(_ge_sf.o)
                0x00001c28                __gesf2
 .text          0x00001c94       0x6c c:/winavr-20070525/bin/../lib/gcc/avr/4.1.2/avr5\libgcc.a(_lt_sf.o)
                0x00001c94                __ltsf2
 .text          0x00001d00       0xd2 c:/winavr-20070525/bin/../lib/gcc/avr/4.1.2/avr5\libgcc.a(_si_to_sf.o)
                0x00001d00                __floatsisf
 .text          0x00001dd2       0xa0 c:/winavr-20070525/bin/../lib/gcc/avr/4.1.2/avr5\libgcc.a(_sf_to_si.o)
                0x00001dd2                __fixsfsi
 .text          0x00001e72        0x0 c:/winavr-20070525/bin/../lib/gcc/avr/4.1.2/avr5\libgcc.a(_thenan_sf.o)
 .text          0x00001e72        0x0 c:/winavr-20070525/bin/../lib/gcc/avr/4.1.2/avr5\libgcc.a(_prologue.o)
 .text          0x00001e72        0x0 c:/winavr-20070525/bin/../lib/gcc/avr/4.1.2/avr5\libgcc.a(_epilogue.o)
 .text          0x00001e72      0x244 c:/winavr-20070525/bin/../lib/gcc/avr/4.1.2/avr5\libgcc.a(_pack_sf.o)
                0x00001e72                __pack_f
 .text          0x000020b6      0x13e c:/winavr-20070525/bin/../lib/gcc/avr/4.1.2/avr5\libgcc.a(_unpack_sf.o)
                0x000020b6                __unpack_f
 .text          0x000021f4       0xd2 c:/winavr-20070525/bin/../lib/gcc/avr/4.1.2/avr5\libgcc.a(_fpcmp_parts_sf.o)
                0x000021f4                __fpcmp_parts_f
 .text          0x000022c6        0x0 c:/winavr-20070525/bin/../lib/gcc/avr/4.1.2/../../../../avr/lib/avr5\libc.a(log10.o)
 .text          0x000022c6        0x0 c:/winavr-20070525/bin/../lib/gcc/avr/4.1.2/../../../../avr/lib/avr5\libc.a(log.o)
 .text          0x000022c6        0x0 c:/winavr-20070525/bin/../lib/gcc/avr/4.1.2/../../../../avr/lib/avr5\libc.a(fp_nan.o)
 .text          0x000022c6        0x0 c:/winavr-20070525/bin/../lib/gcc/avr/4.1.2/../../../../avr/lib/avr5\libc.a(fp_powerseries.o)
 .text          0x000022c6        0x0 c:/winavr-20070525/bin/../lib/gcc/avr/4.1.2/../../../../avr/lib/avr5\libc.a(fp_split.o)
 .text          0x000022c6        0x0 c:/winavr-20070525/bin/../lib/gcc/avr/4.1.2/../../../../avr/lib/avr5\libc.a(fp_flashconst.o)
                0x000022c6                . = ALIGN (0x2)
 *(.text.*)
 .text.libgcc   0x000022c6       0x18 c:/winavr-20070525/bin/../lib/gcc/avr/4.1.2/avr5\libgcc.a(_udivmodqi4.o)
                0x000022c6                __udivmodqi4
 .text.libgcc   0x000022de       0x28 c:/winavr-20070525/bin/../lib/gcc/avr/4.1.2/avr5\libgcc.a(_udivmodhi4.o)
                0x000022de                __udivmodhi4
 .text.libgcc   0x00002306       0x44 c:/winavr-20070525/bin/../lib/gcc/avr/4.1.2/avr5\libgcc.a(_udivmodsi4.o)
                0x00002306                __udivmodsi4
 .text.libgcc   0x0000234a        0x0 c:/winavr-20070525/bin/../lib/gcc/avr/4.1.2/avr5\libgcc.a(_exit.o)
 .text.libgcc   0x0000234a        0x0 c:/winavr-20070525/bin/../lib/gcc/avr/4.1.2/avr5\libgcc.a(_clear_bss.o)
 .text.libgcc   0x0000234a       0x38 c:/winavr-20070525/bin/../lib/gcc/avr/4.1.2/avr5\libgcc.a(_prologue.o)
                0x0000234a                __prologue_saves__
 .text.libgcc   0x00002382       0x36 c:/winavr-20070525/bin/../lib/gcc/avr/4.1.2/avr5\libgcc.a(_epilogue.o)
                0x00002382                __epilogue_restores__
 .text.fplib    0x000023b8        0xc c:/winavr-20070525/bin/../lib/gcc/avr/4.1.2/../../../../avr/lib/avr5\libc.a(log10.o)
                0x000023b8                log10
 .text.fplib    0x000023c4       0x52 c:/winavr-20070525/bin/../lib/gcc/avr/4.1.2/../../../../avr/lib/avr5\libc.a(log.o)
                0x000023c4                log
 .text.fplib    0x00002416        0x6 c:/winavr-20070525/bin/../lib/gcc/avr/4.1.2/../../../../avr/lib/avr5\libc.a(fp_nan.o)
                0x00002416                __fp_nanERANGE
                0x00002416                __fp_nan
                0x00002416                __fp_nanEDOM
                0x00002416                __fp_nanx
 .text.fplib    0x0000241c       0x66 c:/winavr-20070525/bin/../lib/gcc/avr/4.1.2/../../../../avr/lib/avr5\libc.a(fp_powerseries.o)
                0x0000241c                __fp_powerseries
 .text.fplib    0x00002482       0x52 c:/winavr-20070525/bin/../lib/gcc/avr/4.1.2/../../../../avr/lib/avr5\libc.a(fp_split.o)
                0x00002482                __fp_split3
                0x00002488                __fp_split2
                0x0000249a                __fp_split1
                0x000024b6                __fp_split_a
 .text.fplib    0x000024d4        0xa c:/winavr-20070525/bin/../lib/gcc/avr/4.1.2/../../../../avr/lib/avr5\libc.a(fp_flashconst.o)
                0x000024d4                __fp_flashconst
                0x000024de                . = ALIGN (0x2)
 *(.fini9)
 .fini9         0x000024de        0x0 c:/winavr-20070525/bin/../lib/gcc/avr/4.1.2/avr5\libgcc.a(_exit.o)
                0x000024de                exit
                0x000024de                _exit
 *(.fini9)
 *(.fini8)
 *(.fini8)
 *(.fini7)
 *(.fini7)
 *(.fini6)
 *(.fini6)
 *(.fini5)
 *(.fini5)
 *(.fini4)
 *(.fini4)
 *(.fini3)
 *(.fini3)
 *(.fini2)
 *(.fini2)
 *(.fini1)
 *(.fini1)
 *(.fini0)
 .fini0         0x000024de        0x2 c:/winavr-20070525/bin/../lib/gcc/avr/4.1.2/avr5\libgcc.a(_exit.o)
 *(.fini0)
                0x000024e0                _etext = .

.data           0x00800100       0x28 load address 0x000024e0
                0x00800100                PROVIDE (__data_start, .)
 *(.data)
 .data          0x00800100        0x0 c:/winavr-20070525/bin/../lib/gcc/avr/4.1.2/../../../../avr/lib/avr5/crtm128.o
 .data          0x00800100       0x1f Sensor_test.o
 .data          0x0080011f        0x0 lib_sensor.o
 .data          0x0080011f        0x0 lcd.o
 .data          0x0080011f        0x0 avr_lib.o
 .data          0x0080011f        0x0 c:/winavr-20070525/bin/../lib/gcc/avr/4.1.2/avr5\libgcc.a(_udivmodqi4.o)
 .data          0x0080011f        0x0 c:/winavr-20070525/bin/../lib/gcc/avr/4.1.2/avr5\libgcc.a(_udivmodhi4.o)
 .data          0x0080011f        0x0 c:/winavr-20070525/bin/../lib/gcc/avr/4.1.2/avr5\libgcc.a(_udivmodsi4.o)
 .data          0x0080011f        0x0 c:/winavr-20070525/bin/../lib/gcc/avr/4.1.2/avr5\libgcc.a(_exit.o)
 .data          0x0080011f        0x0 c:/winavr-20070525/bin/../lib/gcc/avr/4.1.2/avr5\libgcc.a(_clear_bss.o)
 .data          0x0080011f        0x0 c:/winavr-20070525/bin/../lib/gcc/avr/4.1.2/avr5\libgcc.a(_fixunssfsi.o)
 .data          0x0080011f        0x0 c:/winavr-20070525/bin/../lib/gcc/avr/4.1.2/avr5\libgcc.a(_addsub_sf.o)
 .data          0x0080011f        0x0 c:/winavr-20070525/bin/../lib/gcc/avr/4.1.2/avr5\libgcc.a(_mul_sf.o)
 .data          0x0080011f        0x0 c:/winavr-20070525/bin/../lib/gcc/avr/4.1.2/avr5\libgcc.a(_div_sf.o)
 .data          0x0080011f        0x0 c:/winavr-20070525/bin/../lib/gcc/avr/4.1.2/avr5\libgcc.a(_gt_sf.o)
 .data          0x0080011f        0x0 c:/winavr-20070525/bin/../lib/gcc/avr/4.1.2/avr5\libgcc.a(_ge_sf.o)
 .data          0x0080011f        0x0 c:/winavr-20070525/bin/../lib/gcc/avr/4.1.2/avr5\libgcc.a(_lt_sf.o)
 .data          0x0080011f        0x0 c:/winavr-20070525/bin/../lib/gcc/avr/4.1.2/avr5\libgcc.a(_si_to_sf.o)
 .data          0x0080011f        0x0 c:/winavr-20070525/bin/../lib/gcc/avr/4.1.2/avr5\libgcc.a(_sf_to_si.o)
 .data          0x0080011f        0x8 c:/winavr-20070525/bin/../lib/gcc/avr/4.1.2/avr5\libgcc.a(_thenan_sf.o)
                0x0080011f                __thenan_sf
 .data          0x00800127        0x0 c:/winavr-20070525/bin/../lib/gcc/avr/4.1.2/avr5\libgcc.a(_prologue.o)
 .data          0x00800127        0x0 c:/winavr-20070525/bin/../lib/gcc/avr/4.1.2/avr5\libgcc.a(_epilogue.o)
 .data          0x00800127        0x0 c:/winavr-20070525/bin/../lib/gcc/avr/4.1.2/avr5\libgcc.a(_pack_sf.o)
 .data          0x00800127        0x0 c:/winavr-20070525/bin/../lib/gcc/avr/4.1.2/avr5\libgcc.a(_unpack_sf.o)
 .data          0x00800127        0x0 c:/winavr-20070525/bin/../lib/gcc/avr/4.1.2/avr5\libgcc.a(_fpcmp_parts_sf.o)
 .data          0x00800127        0x0 c:/winavr-20070525/bin/../lib/gcc/avr/4.1.2/../../../../avr/lib/avr5\libc.a(log10.o)
 .data          0x00800127        0x0 c:/winavr-20070525/bin/../lib/gcc/avr/4.1.2/../../../../avr/lib/avr5\libc.a(log.o)
 .data          0x00800127        0x0 c:/winavr-20070525/bin/../lib/gcc/avr/4.1.2/../../../../avr/lib/avr5\libc.a(fp_nan.o)
 .data          0x00800127        0x0 c:/winavr-20070525/bin/../lib/gcc/avr/4.1.2/../../../../avr/lib/avr5\libc.a(fp_powerseries.o)
 .data          0x00800127        0x0 c:/winavr-20070525/bin/../lib/gcc/avr/4.1.2/../../../../avr/lib/avr5\libc.a(fp_split.o)
 .data          0x00800127        0x0 c:/winavr-20070525/bin/../lib/gcc/avr/4.1.2/../../../../avr/lib/avr5\libc.a(fp_flashconst.o)
 *(.data*)
 *(.rodata)
 *(.rodata*)
 *(.gnu.linkonce.d*)
                0x00800128                . = ALIGN (0x2)
 *fill*         0x00800127        0x1 00
                0x00800128                _edata = .
                0x00800128                PROVIDE (__data_end, .)

.bss            0x00800128       0x39
                0x00800128                PROVIDE (__bss_start, .)
 *(.bss)
 .bss           0x00800128        0x0 c:/winavr-20070525/bin/../lib/gcc/avr/4.1.2/../../../../avr/lib/avr5/crtm128.o
 .bss           0x00800128       0x25 Sensor_test.o
                0x00800144                time_D
                0x00800143                time_h
                0x0080012a                Cds
                0x00800142                time_m
                0x00800128                Ultra
                0x00800136                buf1
                0x00800140                timer0cnt
                0x0080012c                buf
                0x00800141                time_s
 .bss           0x0080014d        0x0 lib_sensor.o
 .bss           0x0080014d        0x0 lcd.o
 .bss           0x0080014d        0x0 avr_lib.o
 .bss           0x0080014d        0x0 c:/winavr-20070525/bin/../lib/gcc/avr/4.1.2/avr5\libgcc.a(_udivmodqi4.o)
 .bss           0x0080014d        0x0 c:/winavr-20070525/bin/../lib/gcc/avr/4.1.2/avr5\libgcc.a(_udivmodhi4.o)
 .bss           0x0080014d        0x0 c:/winavr-20070525/bin/../lib/gcc/avr/4.1.2/avr5\libgcc.a(_udivmodsi4.o)
 .bss           0x0080014d        0x0 c:/winavr-20070525/bin/../lib/gcc/avr/4.1.2/avr5\libgcc.a(_exit.o)
 .bss           0x0080014d        0x0 c:/winavr-20070525/bin/../lib/gcc/avr/4.1.2/avr5\libgcc.a(_clear_bss.o)
 .bss           0x0080014d        0x0 c:/winavr-20070525/bin/../lib/gcc/avr/4.1.2/avr5\libgcc.a(_fixunssfsi.o)
 .bss           0x0080014d        0x0 c:/winavr-20070525/bin/../lib/gcc/avr/4.1.2/avr5\libgcc.a(_addsub_sf.o)
 .bss           0x0080014d        0x0 c:/winavr-20070525/bin/../lib/gcc/avr/4.1.2/avr5\libgcc.a(_mul_sf.o)
 .bss           0x0080014d        0x0 c:/winavr-20070525/bin/../lib/gcc/avr/4.1.2/avr5\libgcc.a(_div_sf.o)
 .bss           0x0080014d        0x0 c:/winavr-20070525/bin/../lib/gcc/avr/4.1.2/avr5\libgcc.a(_gt_sf.o)
 .bss           0x0080014d        0x0 c:/winavr-20070525/bin/../lib/gcc/avr/4.1.2/avr5\libgcc.a(_ge_sf.o)
 .bss           0x0080014d        0x0 c:/winavr-20070525/bin/../lib/gcc/avr/4.1.2/avr5\libgcc.a(_lt_sf.o)
 .bss           0x0080014d        0x0 c:/winavr-20070525/bin/../lib/gcc/avr/4.1.2/avr5\libgcc.a(_si_to_sf.o)
 .bss           0x0080014d        0x0 c:/winavr-20070525/bin/../lib/gcc/avr/4.1.2/avr5\libgcc.a(_sf_to_si.o)
 .bss           0x0080014d        0x0 c:/winavr-20070525/bin/../lib/gcc/avr/4.1.2/avr5\libgcc.a(_thenan_sf.o)
 .bss           0x0080014d        0x0 c:/winavr-20070525/bin/../lib/gcc/avr/4.1.2/avr5\libgcc.a(_prologue.o)
 .bss           0x0080014d        0x0 c:/winavr-20070525/bin/../lib/gcc/avr/4.1.2/avr5\libgcc.a(_epilogue.o)
 .bss           0x0080014d        0x0 c:/winavr-20070525/bin/../lib/gcc/avr/4.1.2/avr5\libgcc.a(_pack_sf.o)
 .bss           0x0080014d        0x0 c:/winavr-20070525/bin/../lib/gcc/avr/4.1.2/avr5\libgcc.a(_unpack_sf.o)
 .bss           0x0080014d        0x0 c:/winavr-20070525/bin/../lib/gcc/avr/4.1.2/avr5\libgcc.a(_fpcmp_parts_sf.o)
 .bss           0x0080014d        0x0 c:/winavr-20070525/bin/../lib/gcc/avr/4.1.2/../../../../avr/lib/avr5\libc.a(log10.o)
 .bss           0x0080014d        0x0 c:/winavr-20070525/bin/../lib/gcc/avr/4.1.2/../../../../avr/lib/avr5\libc.a(log.o)
 .bss           0x0080014d        0x0 c:/winavr-20070525/bin/../lib/gcc/avr/4.1.2/../../../../avr/lib/avr5\libc.a(fp_nan.o)
 .bss           0x0080014d        0x0 c:/winavr-20070525/bin/../lib/gcc/avr/4.1.2/../../../../avr/lib/avr5\libc.a(fp_powerseries.o)
 .bss           0x0080014d        0x0 c:/winavr-20070525/bin/../lib/gcc/avr/4.1.2/../../../../avr/lib/avr5\libc.a(fp_split.o)
 .bss           0x0080014d        0x0 c:/winavr-20070525/bin/../lib/gcc/avr/4.1.2/../../../../avr/lib/avr5\libc.a(fp_flashconst.o)
 *(.bss*)
 *(COMMON)
 COMMON         0x0080014d        0x2 Sensor_test.o
                0x0080014d                print_Data
 COMMON         0x0080014f       0x12 lib_sensor.o
                0x0080014f                mytemp
                0x00800151                sht11_temp
                0x00800153                acq_type
                0x00800154                sht11_humi
                0x00800156                dew_point
                0x0080015a                acq_complete
                0x0080015b                error
                0x0080015d                myhumi
                0x0080015f                checksum
                0x00800161                PROVIDE (__bss_end, .)
                0x000024e0                __data_load_start = LOADADDR (.data)
                0x00002508                __data_load_end = (__data_load_start + SIZEOF (.data))

.noinit         0x00800161        0x0
                0x00800161                PROVIDE (__noinit_start, .)
 *(.noinit*)
                0x00800161                PROVIDE (__noinit_end, .)
                0x00800161                _end = .
                0x00800161                PROVIDE (__heap_start, .)

.eeprom         0x00810000        0x0
 *(.eeprom*)
                0x00810000                __eeprom_end = .

.stab           0x00000000      0x414
 *(.stab)
 .stab          0x00000000      0x414 c:/winavr-20070525/bin/../lib/gcc/avr/4.1.2/../../../../avr/lib/avr5/crtm128.o

.stabstr        0x00000000       0x71
 *(.stabstr)
 .stabstr       0x00000000       0x71 c:/winavr-20070525/bin/../lib/gcc/avr/4.1.2/../../../../avr/lib/avr5/crtm128.o

.stab.excl
 *(.stab.excl)

.stab.exclstr
 *(.stab.exclstr)

.stab.index
 *(.stab.index)

.stab.indexstr
 *(.stab.indexstr)

.comment
 *(.comment)

.debug
 *(.debug)

.line
 *(.line)

.debug_srcinfo
 *(.debug_srcinfo)

.debug_sfnames
 *(.debug_sfnames)

.debug_aranges  0x00000000       0x80
 *(.debug_aranges)
 .debug_aranges
                0x00000000       0x20 Sensor_test.o
 .debug_aranges
                0x00000020       0x20 lib_sensor.o
 .debug_aranges
                0x00000040       0x20 lcd.o
 .debug_aranges
                0x00000060       0x20 avr_lib.o

.debug_pubnames
                0x00000000      0x463
 *(.debug_pubnames)
 .debug_pubnames
                0x00000000       0xa8 Sensor_test.o
 .debug_pubnames
                0x000000a8      0x1ca lib_sensor.o
 .debug_pubnames
                0x00000272      0x106 lcd.o
 .debug_pubnames
                0x00000378       0xeb avr_lib.o

.debug_info     0x00000000     0x150e
 *(.debug_info)
 .debug_info    0x00000000      0x4bf Sensor_test.o
 .debug_info    0x000004bf      0x7ca lib_sensor.o
 .debug_info    0x00000c89      0x3ad lcd.o
 .debug_info    0x00001036      0x4d8 avr_lib.o
 *(.gnu.linkonce.wi.*)

.debug_abbrev   0x00000000      0x72c
 *(.debug_abbrev)
 .debug_abbrev  0x00000000      0x1a1 Sensor_test.o
 .debug_abbrev  0x000001a1      0x1ff lib_sensor.o
 .debug_abbrev  0x000003a0      0x196 lcd.o
 .debug_abbrev  0x00000536      0x1f6 avr_lib.o

.debug_line     0x00000000     0x11e2
 *(.debug_line)
 .debug_line    0x00000000      0x357 Sensor_test.o
 .debug_line    0x00000357      0x4ef lib_sensor.o
 .debug_line    0x00000846      0x4a5 lcd.o
 .debug_line    0x00000ceb      0x4f7 avr_lib.o

.debug_frame    0x00000000      0x320
 *(.debug_frame)
 .debug_frame   0x00000000       0x40 Sensor_test.o
 .debug_frame   0x00000040      0x110 lib_sensor.o
 .debug_frame   0x00000150       0xe0 lcd.o
 .debug_frame   0x00000230       0xf0 avr_lib.o

.debug_str      0x00000000      0x5da
 *(.debug_str)
 .debug_str     0x00000000      0x184 Sensor_test.o
                                0x1c7 (size before relaxing)
 .debug_str     0x00000184      0x24f lib_sensor.o
                                0x367 (size before relaxing)
 .debug_str     0x000003d3      0x12e lcd.o
                                0x26b (size before relaxing)
 .debug_str     0x00000501       0xd9 avr_lib.o
                                0x1fa (size before relaxing)

.debug_loc      0x00000000      0xb14
 *(.debug_loc)
 .debug_loc     0x00000000      0x13a Sensor_test.o
 .debug_loc     0x0000013a      0x264 lib_sensor.o
 .debug_loc     0x0000039e      0x1e6 lcd.o
 .debug_loc     0x00000584      0x590 avr_lib.o

.debug_macinfo
 *(.debug_macinfo)
OUTPUT(Sensor_test.elf elf32-avr)
LOAD linker stubs
